[0.212s] DEBUG:colcon:Command line arguments: ['/usr/bin/colcon', 'build']
[0.212s] DEBUG:colcon:Parsed command line arguments: Namespace(log_base=None, log_level=None, verb_name='build', build_base='build', install_base='install', merge_install=False, symlink_install=False, test_result_base=None, continue_on_error=False, executor='parallel', parallel_workers=6, event_handlers=None, ignore_user_meta=False, metas=['./colcon.meta'], base_paths=['.'], packages_ignore=None, packages_ignore_regex=None, paths=None, packages_up_to=None, packages_up_to_regex=None, packages_above=None, packages_above_and_dependencies=None, packages_above_depth=None, packages_select_by_dep=None, packages_skip_by_dep=None, packages_skip_up_to=None, packages_select_build_failed=False, packages_skip_build_finished=False, packages_select_test_failures=False, packages_skip_test_passed=False, packages_select=None, packages_skip=None, packages_select_regex=None, packages_skip_regex=None, packages_start=None, packages_end=None, allow_overriding=[], cmake_args=None, cmake_target=None, cmake_target_skip_unavailable=False, cmake_clean_cache=False, cmake_clean_first=False, cmake_force_configure=False, ament_cmake_args=None, catkin_cmake_args=None, catkin_skip_building_tests=False, verb_parser=<colcon_defaults.argument_parser.defaults.DefaultArgumentsDecorator object at 0xffffaecc4e80>, verb_extension=<colcon_core.verb.build.BuildVerb object at 0xffffaecc4a00>, main=<bound method BuildVerb.main of <colcon_core.verb.build.BuildVerb object at 0xffffaecc4a00>>)
[0.540s] Level 1:colcon.colcon_core.package_discovery:discover_packages(colcon_meta) check parameters
[0.540s] Level 1:colcon.colcon_core.package_discovery:discover_packages(recursive) check parameters
[0.540s] Level 1:colcon.colcon_core.package_discovery:discover_packages(ignore) check parameters
[0.540s] Level 1:colcon.colcon_core.package_discovery:discover_packages(path) check parameters
[0.541s] Level 1:colcon.colcon_core.package_discovery:discover_packages(colcon_meta) discover
[0.541s] Level 1:colcon.colcon_core.package_discovery:discover_packages(recursive) discover
[0.541s] INFO:colcon.colcon_core.package_discovery:Crawling recursively for packages in '/home/sealbot/Sealbot_ROS/ros_ws'
[0.541s] Level 1:colcon.colcon_core.package_identification:_identify(.) by extensions ['ignore', 'ignore_ament_install']
[0.541s] Level 1:colcon.colcon_core.package_identification:_identify(.) by extension 'ignore'
[0.541s] Level 1:colcon.colcon_core.package_identification:_identify(.) by extension 'ignore_ament_install'
[0.542s] Level 1:colcon.colcon_core.package_identification:_identify(.) by extensions ['colcon_pkg']
[0.542s] Level 1:colcon.colcon_core.package_identification:_identify(.) by extension 'colcon_pkg'
[0.542s] Level 1:colcon.colcon_core.package_identification:_identify(.) by extensions ['colcon_meta']
[0.542s] Level 1:colcon.colcon_core.package_identification:_identify(.) by extension 'colcon_meta'
[0.542s] Level 1:colcon.colcon_core.package_identification:_identify(.) by extensions ['ros']
[0.542s] Level 1:colcon.colcon_core.package_identification:_identify(.) by extension 'ros'
[0.565s] Level 1:colcon.colcon_core.package_identification:_identify(.) by extensions ['cmake', 'python']
[0.565s] Level 1:colcon.colcon_core.package_identification:_identify(.) by extension 'cmake'
[0.566s] Level 1:colcon.colcon_core.package_identification:_identify(.) by extension 'python'
[0.566s] Level 1:colcon.colcon_core.package_identification:_identify(.) by extensions ['python_setup_py']
[0.566s] Level 1:colcon.colcon_core.package_identification:_identify(.) by extension 'python_setup_py'
[0.566s] Level 1:colcon.colcon_core.package_identification:_identify(build) by extensions ['ignore', 'ignore_ament_install']
[0.566s] Level 1:colcon.colcon_core.package_identification:_identify(build) by extension 'ignore'
[0.566s] Level 1:colcon.colcon_core.package_identification:_identify(build) ignored
[0.567s] Level 1:colcon.colcon_core.package_identification:_identify(install) by extensions ['ignore', 'ignore_ament_install']
[0.567s] Level 1:colcon.colcon_core.package_identification:_identify(install) by extension 'ignore'
[0.567s] Level 1:colcon.colcon_core.package_identification:_identify(install) ignored
[0.567s] Level 1:colcon.colcon_core.package_identification:_identify(log) by extensions ['ignore', 'ignore_ament_install']
[0.567s] Level 1:colcon.colcon_core.package_identification:_identify(log) by extension 'ignore'
[0.567s] Level 1:colcon.colcon_core.package_identification:_identify(log) ignored
[0.568s] Level 1:colcon.colcon_core.package_identification:_identify(src) by extensions ['ignore', 'ignore_ament_install']
[0.568s] Level 1:colcon.colcon_core.package_identification:_identify(src) by extension 'ignore'
[0.568s] Level 1:colcon.colcon_core.package_identification:_identify(src) by extension 'ignore_ament_install'
[0.568s] Level 1:colcon.colcon_core.package_identification:_identify(src) by extensions ['colcon_pkg']
[0.568s] Level 1:colcon.colcon_core.package_identification:_identify(src) by extension 'colcon_pkg'
[0.568s] Level 1:colcon.colcon_core.package_identification:_identify(src) by extensions ['colcon_meta']
[0.568s] Level 1:colcon.colcon_core.package_identification:_identify(src) by extension 'colcon_meta'
[0.568s] Level 1:colcon.colcon_core.package_identification:_identify(src) by extensions ['ros']
[0.568s] Level 1:colcon.colcon_core.package_identification:_identify(src) by extension 'ros'
[0.569s] Level 1:colcon.colcon_core.package_identification:_identify(src) by extensions ['cmake', 'python']
[0.569s] Level 1:colcon.colcon_core.package_identification:_identify(src) by extension 'cmake'
[0.569s] Level 1:colcon.colcon_core.package_identification:_identify(src) by extension 'python'
[0.569s] Level 1:colcon.colcon_core.package_identification:_identify(src) by extensions ['python_setup_py']
[0.569s] Level 1:colcon.colcon_core.package_identification:_identify(src) by extension 'python_setup_py'
[0.569s] Level 1:colcon.colcon_core.package_identification:_identify(src/camera_bringup) by extensions ['ignore', 'ignore_ament_install']
[0.569s] Level 1:colcon.colcon_core.package_identification:_identify(src/camera_bringup) by extension 'ignore'
[0.569s] Level 1:colcon.colcon_core.package_identification:_identify(src/camera_bringup) by extension 'ignore_ament_install'
[0.570s] Level 1:colcon.colcon_core.package_identification:_identify(src/camera_bringup) by extensions ['colcon_pkg']
[0.570s] Level 1:colcon.colcon_core.package_identification:_identify(src/camera_bringup) by extension 'colcon_pkg'
[0.570s] Level 1:colcon.colcon_core.package_identification:_identify(src/camera_bringup) by extensions ['colcon_meta']
[0.570s] Level 1:colcon.colcon_core.package_identification:_identify(src/camera_bringup) by extension 'colcon_meta'
[0.570s] Level 1:colcon.colcon_core.package_identification:_identify(src/camera_bringup) by extensions ['ros']
[0.570s] Level 1:colcon.colcon_core.package_identification:_identify(src/camera_bringup) by extension 'ros'
[0.575s] DEBUG:colcon.colcon_core.package_identification:Package 'src/camera_bringup' with type 'ros.ament_python' and name 'camera_bringup'
[0.575s] Level 1:colcon.colcon_core.package_discovery:discover_packages(recursive) using defaults
[0.575s] Level 1:colcon.colcon_core.package_discovery:discover_packages(ignore) discover
[0.575s] Level 1:colcon.colcon_core.package_discovery:discover_packages(ignore) using defaults
[0.575s] Level 1:colcon.colcon_core.package_discovery:discover_packages(path) discover
[0.575s] Level 1:colcon.colcon_core.package_discovery:discover_packages(path) using defaults
[0.614s] Level 1:colcon.colcon_core.package_discovery:discover_packages(prefix_path) check parameters
[0.614s] Level 1:colcon.colcon_core.package_discovery:discover_packages(prefix_path) discover
[0.617s] DEBUG:colcon.colcon_installed_package_information.package_discovery:Found 1 installed packages in /home/sealbot/Sealbot_ROS/ros_ws/install
[0.620s] DEBUG:colcon.colcon_installed_package_information.package_discovery:Found 281 installed packages in /opt/ros/humble
[0.624s] Level 1:colcon.colcon_core.package_discovery:discover_packages(prefix_path) using defaults
[0.728s] Level 5:colcon.colcon_core.verb:set package 'camera_bringup' build argument 'cmake_args' from command line to 'None'
[0.728s] Level 5:colcon.colcon_core.verb:set package 'camera_bringup' build argument 'cmake_target' from command line to 'None'
[0.728s] Level 5:colcon.colcon_core.verb:set package 'camera_bringup' build argument 'cmake_target_skip_unavailable' from command line to 'False'
[0.728s] Level 5:colcon.colcon_core.verb:set package 'camera_bringup' build argument 'cmake_clean_cache' from command line to 'False'
[0.728s] Level 5:colcon.colcon_core.verb:set package 'camera_bringup' build argument 'cmake_clean_first' from command line to 'False'
[0.728s] Level 5:colcon.colcon_core.verb:set package 'camera_bringup' build argument 'cmake_force_configure' from command line to 'False'
[0.729s] Level 5:colcon.colcon_core.verb:set package 'camera_bringup' build argument 'ament_cmake_args' from command line to 'None'
[0.729s] Level 5:colcon.colcon_core.verb:set package 'camera_bringup' build argument 'catkin_cmake_args' from command line to 'None'
[0.729s] Level 5:colcon.colcon_core.verb:set package 'camera_bringup' build argument 'catkin_skip_building_tests' from command line to 'False'
[0.729s] DEBUG:colcon.colcon_core.verb:Building package 'camera_bringup' with the following arguments: {'ament_cmake_args': None, 'build_base': '/home/sealbot/Sealbot_ROS/ros_ws/build/camera_bringup', 'catkin_cmake_args': None, 'catkin_skip_building_tests': False, 'cmake_args': None, 'cmake_clean_cache': False, 'cmake_clean_first': False, 'cmake_force_configure': False, 'cmake_target': None, 'cmake_target_skip_unavailable': False, 'install_base': '/home/sealbot/Sealbot_ROS/ros_ws/install/camera_bringup', 'merge_install': False, 'path': '/home/sealbot/Sealbot_ROS/ros_ws/src/camera_bringup', 'symlink_install': False, 'test_result_base': None}
[0.729s] INFO:colcon.colcon_core.executor:Executing jobs using 'parallel' executor
[0.731s] DEBUG:colcon.colcon_parallel_executor.executor.parallel:run_until_complete
[0.732s] INFO:colcon.colcon_ros.task.ament_python.build:Building ROS package in '/home/sealbot/Sealbot_ROS/ros_ws/src/camera_bringup' with build type 'ament_python'
[0.732s] Level 1:colcon.colcon_core.shell:create_environment_hook('camera_bringup', 'ament_prefix_path')
[0.736s] INFO:colcon.colcon_core.plugin_system:Skipping extension 'colcon_core.shell.bat': Not used on non-Windows systems
[0.736s] INFO:colcon.colcon_core.shell:Creating environment hook '/home/sealbot/Sealbot_ROS/ros_ws/install/camera_bringup/share/camera_bringup/hook/ament_prefix_path.ps1'
[0.738s] INFO:colcon.colcon_core.shell:Creating environment descriptor '/home/sealbot/Sealbot_ROS/ros_ws/install/camera_bringup/share/camera_bringup/hook/ament_prefix_path.dsv'
[0.739s] INFO:colcon.colcon_core.shell:Creating environment hook '/home/sealbot/Sealbot_ROS/ros_ws/install/camera_bringup/share/camera_bringup/hook/ament_prefix_path.sh'
[0.740s] INFO:colcon.colcon_core.shell:Skip shell extension 'powershell' for command environment: Not usable outside of PowerShell
[0.741s] DEBUG:colcon.colcon_core.shell:Skip shell extension 'dsv' for command environment
[1.251s] INFO:colcon.colcon_core.task.python.build:Building Python package in '/home/sealbot/Sealbot_ROS/ros_ws/src/camera_bringup'
[1.252s] INFO:colcon.colcon_core.shell:Skip shell extension 'powershell' for command environment: Not usable outside of PowerShell
[1.252s] DEBUG:colcon.colcon_core.shell:Skip shell extension 'dsv' for command environment
[1.925s] DEBUG:colcon.colcon_core.event_handler.log_command:Invoking command in '/home/sealbot/Sealbot_ROS/ros_ws/src/camera_bringup': PYTHONPATH=/home/sealbot/Sealbot_ROS/ros_ws/build/camera_bringup/prefix_override:/usr/lib/python3/dist-packages/colcon_core/task/python/colcon_distutils_commands:/home/sealbot/Sealbot_ROS/ros_ws/install/camera_bringup/lib/python3.10/site-packages:${PYTHONPATH} /usr/bin/python3 -W ignore:setup.py install is deprecated -W ignore:easy_install command is deprecated setup.py egg_info --egg-base ../../build/camera_bringup build --build-base /home/sealbot/Sealbot_ROS/ros_ws/build/camera_bringup/build install --record /home/sealbot/Sealbot_ROS/ros_ws/build/camera_bringup/install.log --single-version-externally-managed install_data
[2.513s] DEBUG:colcon.colcon_core.event_handler.log_command:Invoked command in '/home/sealbot/Sealbot_ROS/ros_ws/src/camera_bringup' returned '0': PYTHONPATH=/home/sealbot/Sealbot_ROS/ros_ws/build/camera_bringup/prefix_override:/usr/lib/python3/dist-packages/colcon_core/task/python/colcon_distutils_commands:/home/sealbot/Sealbot_ROS/ros_ws/install/camera_bringup/lib/python3.10/site-packages:${PYTHONPATH} /usr/bin/python3 -W ignore:setup.py install is deprecated -W ignore:easy_install command is deprecated setup.py egg_info --egg-base ../../build/camera_bringup build --build-base /home/sealbot/Sealbot_ROS/ros_ws/build/camera_bringup/build install --record /home/sealbot/Sealbot_ROS/ros_ws/build/camera_bringup/install.log --single-version-externally-managed install_data
[2.519s] Level 1:colcon.colcon_core.environment:checking '/home/sealbot/Sealbot_ROS/ros_ws/install/camera_bringup' for CMake module files
[2.520s] Level 1:colcon.colcon_core.environment:checking '/home/sealbot/Sealbot_ROS/ros_ws/install/camera_bringup' for CMake config files
[2.522s] Level 1:colcon.colcon_core.environment:checking '/home/sealbot/Sealbot_ROS/ros_ws/install/camera_bringup/lib'
[2.522s] Level 1:colcon.colcon_core.environment:checking '/home/sealbot/Sealbot_ROS/ros_ws/install/camera_bringup/bin'
[2.522s] Level 1:colcon.colcon_core.environment:checking '/home/sealbot/Sealbot_ROS/ros_ws/install/camera_bringup/lib/pkgconfig/camera_bringup.pc'
[2.523s] Level 1:colcon.colcon_core.environment:checking '/home/sealbot/Sealbot_ROS/ros_ws/install/camera_bringup/lib/python3.10/site-packages'
[2.523s] Level 1:colcon.colcon_core.shell:create_environment_hook('camera_bringup', 'pythonpath')
[2.524s] INFO:colcon.colcon_core.shell:Creating environment hook '/home/sealbot/Sealbot_ROS/ros_ws/install/camera_bringup/share/camera_bringup/hook/pythonpath.ps1'
[2.526s] INFO:colcon.colcon_core.shell:Creating environment descriptor '/home/sealbot/Sealbot_ROS/ros_ws/install/camera_bringup/share/camera_bringup/hook/pythonpath.dsv'
[2.528s] INFO:colcon.colcon_core.shell:Creating environment hook '/home/sealbot/Sealbot_ROS/ros_ws/install/camera_bringup/share/camera_bringup/hook/pythonpath.sh'
[2.530s] Level 1:colcon.colcon_core.environment:checking '/home/sealbot/Sealbot_ROS/ros_ws/install/camera_bringup/bin'
[2.530s] Level 1:colcon.colcon_core.environment:create_environment_scripts_only(camera_bringup)
[2.532s] INFO:colcon.colcon_core.shell:Creating package script '/home/sealbot/Sealbot_ROS/ros_ws/install/camera_bringup/share/camera_bringup/package.ps1'
[2.536s] INFO:colcon.colcon_core.shell:Creating package descriptor '/home/sealbot/Sealbot_ROS/ros_ws/install/camera_bringup/share/camera_bringup/package.dsv'
[2.538s] INFO:colcon.colcon_core.shell:Creating package script '/home/sealbot/Sealbot_ROS/ros_ws/install/camera_bringup/share/camera_bringup/package.sh'
[2.542s] INFO:colcon.colcon_core.shell:Creating package script '/home/sealbot/Sealbot_ROS/ros_ws/install/camera_bringup/share/camera_bringup/package.bash'
[2.545s] INFO:colcon.colcon_core.shell:Creating package script '/home/sealbot/Sealbot_ROS/ros_ws/install/camera_bringup/share/camera_bringup/package.zsh'
[2.547s] Level 1:colcon.colcon_core.environment:create_file_with_runtime_dependencies(/home/sealbot/Sealbot_ROS/ros_ws/install/camera_bringup/share/colcon-core/packages/camera_bringup)
[2.548s] DEBUG:colcon.colcon_parallel_executor.executor.parallel:closing loop
[2.550s] DEBUG:colcon.colcon_parallel_executor.executor.parallel:loop closed
[2.550s] DEBUG:colcon.colcon_parallel_executor.executor.parallel:run_until_complete finished with '0'
[2.550s] DEBUG:colcon.colcon_core.event_reactor:joining thread
[2.569s] INFO:colcon.colcon_core.plugin_system:Skipping extension 'colcon_notification.desktop_notification.terminal_notifier': Not used on non-Darwin systems
[2.569s] INFO:colcon.colcon_core.plugin_system:Skipping extension 'colcon_notification.desktop_notification.win32': Not used on non-Windows systems
[2.570s] INFO:colcon.colcon_notification.desktop_notification:Sending desktop notification using 'notify2'
[2.611s] DEBUG:colcon.colcon_core.event_reactor:joined thread
[2.612s] INFO:colcon.colcon_core.shell:Creating prefix script '/home/sealbot/Sealbot_ROS/ros_ws/install/local_setup.ps1'
[2.615s] INFO:colcon.colcon_core.shell:Creating prefix util module '/home/sealbot/Sealbot_ROS/ros_ws/install/_local_setup_util_ps1.py'
[2.622s] INFO:colcon.colcon_core.shell:Creating prefix chain script '/home/sealbot/Sealbot_ROS/ros_ws/install/setup.ps1'
[2.627s] INFO:colcon.colcon_core.shell:Creating prefix script '/home/sealbot/Sealbot_ROS/ros_ws/install/local_setup.sh'
[2.628s] INFO:colcon.colcon_core.shell:Creating prefix util module '/home/sealbot/Sealbot_ROS/ros_ws/install/_local_setup_util_sh.py'
[2.629s] INFO:colcon.colcon_core.shell:Creating prefix chain script '/home/sealbot/Sealbot_ROS/ros_ws/install/setup.sh'
[2.633s] INFO:colcon.colcon_core.shell:Creating prefix script '/home/sealbot/Sealbot_ROS/ros_ws/install/local_setup.bash'
[2.635s] INFO:colcon.colcon_core.shell:Creating prefix chain script '/home/sealbot/Sealbot_ROS/ros_ws/install/setup.bash'
[2.639s] INFO:colcon.colcon_core.shell:Creating prefix script '/home/sealbot/Sealbot_ROS/ros_ws/install/local_setup.zsh'
[2.640s] INFO:colcon.colcon_core.shell:Creating prefix chain script '/home/sealbot/Sealbot_ROS/ros_ws/install/setup.zsh'
