[1.186s] Invoking command in '/home/sealbot/Sealbot_ROS/ros_ws/src/camera_bringup': PYTHONPATH=/home/sealbot/Sealbot_ROS/ros_ws/build/camera_bringup/prefix_override:/usr/lib/python3/dist-packages/colcon_core/task/python/colcon_distutils_commands:/home/sealbot/Sealbot_ROS/ros_ws/install/camera_bringup/lib/python3.10/site-packages:${PYTHONPATH} /usr/bin/python3 -W ignore:setup.py install is deprecated -W ignore:easy_install command is deprecated setup.py egg_info --egg-base ../../build/camera_bringup build --build-base /home/sealbot/Sealbot_ROS/ros_ws/build/camera_bringup/build install --record /home/sealbot/Sealbot_ROS/ros_ws/build/camera_bringup/install.log --single-version-externally-managed install_data
[1.644s] running egg_info
[1.645s] writing ../../build/camera_bringup/camera_bringup.egg-info/PKG-INFO
[1.646s] writing dependency_links to ../../build/camera_bringup/camera_bringup.egg-info/dependency_links.txt
[1.646s] writing entry points to ../../build/camera_bringup/camera_bringup.egg-info/entry_points.txt
[1.646s] writing requirements to ../../build/camera_bringup/camera_bringup.egg-info/requires.txt
[1.647s] writing top-level names to ../../build/camera_bringup/camera_bringup.egg-info/top_level.txt
[1.651s] reading manifest file '../../build/camera_bringup/camera_bringup.egg-info/SOURCES.txt'
[1.652s] writing manifest file '../../build/camera_bringup/camera_bringup.egg-info/SOURCES.txt'
[1.652s] running build
[1.653s] running build_py
[1.653s] running install
[1.654s] running install_lib
[1.656s] running install_data
[1.656s] copying launch/sealbot_camera.launch.xml -> /home/sealbot/Sealbot_ROS/ros_ws/install/camera_bringup/share/camera_bringup/launch
[1.656s] running install_egg_info
[1.660s] removing '/home/sealbot/Sealbot_ROS/ros_ws/install/camera_bringup/lib/python3.10/site-packages/camera_bringup-0.0.0-py3.10.egg-info' (and everything under it)
[1.661s] Copying ../../build/camera_bringup/camera_bringup.egg-info to /home/sealbot/Sealbot_ROS/ros_ws/install/camera_bringup/lib/python3.10/site-packages/camera_bringup-0.0.0-py3.10.egg-info
[1.662s] running install_scripts
[1.704s] writing list of installed files to '/home/sealbot/Sealbot_ROS/ros_ws/build/camera_bringup/install.log'
[1.768s] Invoked command in '/home/sealbot/Sealbot_ROS/ros_ws/src/camera_bringup' returned '0': PYTHONPATH=/home/sealbot/Sealbot_ROS/ros_ws/build/camera_bringup/prefix_override:/usr/lib/python3/dist-packages/colcon_core/task/python/colcon_distutils_commands:/home/sealbot/Sealbot_ROS/ros_ws/install/camera_bringup/lib/python3.10/site-packages:${PYTHONPATH} /usr/bin/python3 -W ignore:setup.py install is deprecated -W ignore:easy_install command is deprecated setup.py egg_info --egg-base ../../build/camera_bringup build --build-base /home/sealbot/Sealbot_ROS/ros_ws/build/camera_bringup/build install --record /home/sealbot/Sealbot_ROS/ros_ws/build/camera_bringup/install.log --single-version-externally-managed install_data
