[1.226s] Invoking command in '/home/sealbot/Sealbot_ROS/ros_ws/src/camera_bringup': PYTHONPATH=/home/sealbot/Sealbot_ROS/ros_ws/build/camera_bringup/prefix_override:/usr/lib/python3/dist-packages/colcon_core/task/python/colcon_distutils_commands:/home/sealbot/Sealbot_ROS/ros_ws/install/camera_bringup/lib/python3.10/site-packages:${PYTHONPATH} /usr/bin/python3 -W ignore:setup.py install is deprecated -W ignore:easy_install command is deprecated setup.py egg_info --egg-base ../../build/camera_bringup build --build-base /home/sealbot/Sealbot_ROS/ros_ws/build/camera_bringup/build install --record /home/sealbot/Sealbot_ROS/ros_ws/build/camera_bringup/install.log --single-version-externally-managed install_data
[1.673s] /usr/lib/python3.10/distutils/dist.py:274: UserWarning: Unknown distribution option: 'maintainer_address'
[1.673s]   warnings.warn(msg)
[1.688s] running egg_info
[1.689s] creating ../../build/camera_bringup/camera_bringup.egg-info
[1.689s] writing ../../build/camera_bringup/camera_bringup.egg-info/PKG-INFO
[1.690s] writing dependency_links to ../../build/camera_bringup/camera_bringup.egg-info/dependency_links.txt
[1.690s] writing entry points to ../../build/camera_bringup/camera_bringup.egg-info/entry_points.txt
[1.690s] writing requirements to ../../build/camera_bringup/camera_bringup.egg-info/requires.txt
[1.690s] writing top-level names to ../../build/camera_bringup/camera_bringup.egg-info/top_level.txt
[1.691s] writing manifest file '../../build/camera_bringup/camera_bringup.egg-info/SOURCES.txt'
[1.694s] reading manifest file '../../build/camera_bringup/camera_bringup.egg-info/SOURCES.txt'
[1.696s] writing manifest file '../../build/camera_bringup/camera_bringup.egg-info/SOURCES.txt'
[1.696s] running build
[1.696s] running build_py
[1.696s] creating /home/sealbot/Sealbot_ROS/ros_ws/build/camera_bringup/build
[1.696s] creating /home/sealbot/Sealbot_ROS/ros_ws/build/camera_bringup/build/lib
[1.697s] creating /home/sealbot/Sealbot_ROS/ros_ws/build/camera_bringup/build/lib/camera_bringup
[1.697s] copying camera_bringup/__init__.py -> /home/sealbot/Sealbot_ROS/ros_ws/build/camera_bringup/build/lib/camera_bringup
[1.697s] running install
[1.698s] running install_lib
[1.699s] creating /home/sealbot/Sealbot_ROS/ros_ws/install/camera_bringup/lib/python3.10/site-packages/camera_bringup
[1.699s] copying /home/sealbot/Sealbot_ROS/ros_ws/build/camera_bringup/build/lib/camera_bringup/__init__.py -> /home/sealbot/Sealbot_ROS/ros_ws/install/camera_bringup/lib/python3.10/site-packages/camera_bringup
[1.700s] byte-compiling /home/sealbot/Sealbot_ROS/ros_ws/install/camera_bringup/lib/python3.10/site-packages/camera_bringup/__init__.py to __init__.cpython-310.pyc
[1.701s] running install_data
[1.701s] creating /home/sealbot/Sealbot_ROS/ros_ws/install/camera_bringup/share/ament_index
[1.701s] creating /home/sealbot/Sealbot_ROS/ros_ws/install/camera_bringup/share/ament_index/resource_index
[1.701s] creating /home/sealbot/Sealbot_ROS/ros_ws/install/camera_bringup/share/ament_index/resource_index/packages
[1.701s] copying resource/camera_bringup -> /home/sealbot/Sealbot_ROS/ros_ws/install/camera_bringup/share/ament_index/resource_index/packages
[1.701s] copying package.xml -> /home/sealbot/Sealbot_ROS/ros_ws/install/camera_bringup/share/camera_bringup
[1.702s] creating /home/sealbot/Sealbot_ROS/ros_ws/install/camera_bringup/share/camera_bringup/launch
[1.702s] copying launch/sealbot_camera.launch.xml -> /home/sealbot/Sealbot_ROS/ros_ws/install/camera_bringup/share/camera_bringup/launch
[1.702s] running install_egg_info
[1.705s] Copying ../../build/camera_bringup/camera_bringup.egg-info to /home/sealbot/Sealbot_ROS/ros_ws/install/camera_bringup/lib/python3.10/site-packages/camera_bringup-0.0.0-py3.10.egg-info
[1.707s] running install_scripts
[1.749s] writing list of installed files to '/home/sealbot/Sealbot_ROS/ros_ws/build/camera_bringup/install.log'
[1.813s] Invoked command in '/home/sealbot/Sealbot_ROS/ros_ws/src/camera_bringup' returned '0': PYTHONPATH=/home/sealbot/Sealbot_ROS/ros_ws/build/camera_bringup/prefix_override:/usr/lib/python3/dist-packages/colcon_core/task/python/colcon_distutils_commands:/home/sealbot/Sealbot_ROS/ros_ws/install/camera_bringup/lib/python3.10/site-packages:${PYTHONPATH} /usr/bin/python3 -W ignore:setup.py install is deprecated -W ignore:easy_install command is deprecated setup.py egg_info --egg-base ../../build/camera_bringup build --build-base /home/sealbot/Sealbot_ROS/ros_ws/build/camera_bringup/build install --record /home/sealbot/Sealbot_ROS/ros_ws/build/camera_bringup/install.log --single-version-externally-managed install_data
