running egg_info
writing ../../build/camera_bringup/camera_bringup.egg-info/PKG-INFO
writing dependency_links to ../../build/camera_bringup/camera_bringup.egg-info/dependency_links.txt
writing entry points to ../../build/camera_bringup/camera_bringup.egg-info/entry_points.txt
writing requirements to ../../build/camera_bringup/camera_bringup.egg-info/requires.txt
writing top-level names to ../../build/camera_bringup/camera_bringup.egg-info/top_level.txt
reading manifest file '../../build/camera_bringup/camera_bringup.egg-info/SOURCES.txt'
writing manifest file '../../build/camera_bringup/camera_bringup.egg-info/SOURCES.txt'
running build
running build_py
running install
running install_lib
running install_data
copying launch/sealbot_camera.launch.xml -> /home/sealbot/Sealbot_ROS/ros_ws/install/camera_bringup/share/camera_bringup/launch
creating /home/sealbot/Sealbot_ROS/ros_ws/install/camera_bringup/share/camera_bringup/config
copying config/sealbot_camera_settings.xml -> /home/sealbot/Sealbot_ROS/ros_ws/install/camera_bringup/share/camera_bringup/config
running install_egg_info
removing '/home/sealbot/Sealbot_ROS/ros_ws/install/camera_bringup/lib/python3.10/site-packages/camera_bringup-0.0.0-py3.10.egg-info' (and everything under it)
Copying ../../build/camera_bringup/camera_bringup.egg-info to /home/sealbot/Sealbot_ROS/ros_ws/install/camera_bringup/lib/python3.10/site-packages/camera_bringup-0.0.0-py3.10.egg-info
running install_scripts
writing list of installed files to '/home/sealbot/Sealbot_ROS/ros_ws/build/camera_bringup/install.log'
